// Jest Snapshot v1, https://goo.gl/fbAQLP

exports[`renders video component correctly 1`] = `
<div
  className="video-container"
>
  <div
    className="video"
  >
    <iframe
      allow="autoplay; encrypted-media"
      allowFullScreen={true}
      className="video-player"
      frameBorder="0"
      src="https://www.youtube.com/embed/HAuXJVI_bUs?autoplay=1"
      title="video"
    />
  </div>
</div>
`;
